---
http_interactions:
- request:
    method: post
    uri: https://parse-ruby-client-server.herokuapp.com/parse/installations
    body:
      encoding: UTF-8
      string: '{"deviceType":"ios","deviceToken":"0123456789abcdef0123456789abcdef0123456789abcdef0123456789abcdef"}'
    headers:
      User-Agent:
      - Parse for Ruby, 1.0.0.alpha2
      Content-Type:
      - application/json
      X-Parse-Master-Key:
      - "<X-Parse-Master-Key>"
      X-Parse-Application-Id:
      - "<X-Parse-Application-Id>"
      X-Parserubyclient-Retries:
      - '3'
      Accept-Encoding:
      - gzip;q=1.0,deflate;q=0.6,identity;q=0.3
      Accept:
      - "*/*"
  response:
    status:
      code: 201
      message: Created
    headers:
      Server:
      - Cowboy
      Connection:
      - keep-alive
      X-Powered-By:
      - Express
      Access-Control-Allow-Origin:
      - "*"
      Access-Control-Allow-Methods:
      - GET,PUT,POST,DELETE,OPTIONS
      Access-Control-Allow-Headers:
      - X-Parse-Master-Key, X-Parse-REST-API-Key, X-Parse-Javascript-Key, X-Parse-Application-Id,
        X-Parse-Client-Version, X-Parse-Session-Token, X-Requested-With, X-Parse-Revocable-Session,
        Content-Type
      Location:
      - https://parse-ruby-client-server.herokuapp.com/parse/classes/_Installation/YkXO62aN1B
      Content-Type:
      - application/json; charset=utf-8
      Content-Length:
      - '64'
      Date:
      - Mon, 13 Feb 2017 10:20:38 GMT
      Via:
      - 1.1 vegur
    body:
      encoding: UTF-8
      string: '{"objectId":"YkXO62aN1B","createdAt":"2017-02-13T10:20:38.355Z"}'
    http_version: 
  recorded_at: Mon, 13 Feb 2017 10:20:38 GMT
- request:
    method: post
    uri: https://parse-ruby-client-server.herokuapp.com/parse/installations
    body:
      encoding: UTF-8
      string: '{"deviceType":"ios","deviceToken":"0123456789abcdef0123456789abcdef0123456789abcdef0123456789abcdef","channels":["","my-channel"],"badge":5}'
    headers:
      User-Agent:
      - Parse for Ruby, 1.0.0.alpha2
      Content-Type:
      - application/json
      X-Parse-Master-Key:
      - "<X-Parse-Master-Key>"
      X-Parse-Application-Id:
      - "<X-Parse-Application-Id>"
      X-Parserubyclient-Retries:
      - '3'
      Accept-Encoding:
      - gzip;q=1.0,deflate;q=0.6,identity;q=0.3
      Accept:
      - "*/*"
  response:
    status:
      code: 200
      message: OK
    headers:
      Server:
      - Cowboy
      Connection:
      - keep-alive
      X-Powered-By:
      - Express
      Access-Control-Allow-Origin:
      - "*"
      Access-Control-Allow-Methods:
      - GET,PUT,POST,DELETE,OPTIONS
      Access-Control-Allow-Headers:
      - X-Parse-Master-Key, X-Parse-REST-API-Key, X-Parse-Javascript-Key, X-Parse-Application-Id,
        X-Parse-Client-Version, X-Parse-Session-Token, X-Requested-With, X-Parse-Revocable-Session,
        Content-Type
      Content-Type:
      - application/json; charset=utf-8
      Content-Length:
      - '40'
      Date:
      - Mon, 13 Feb 2017 10:20:38 GMT
      Via:
      - 1.1 vegur
    body:
      encoding: UTF-8
      string: '{"updatedAt":"2017-02-13T10:20:38.555Z"}'
    http_version: 
  recorded_at: Mon, 13 Feb 2017 10:20:38 GMT
- request:
    method: get
    uri: https://parse-ruby-client-server.herokuapp.com/parse/installations/YkXO62aN1B
    body:
      encoding: US-ASCII
      string: ''
    headers:
      User-Agent:
      - Parse for Ruby, 1.0.0.alpha2
      Content-Type:
      - application/json
      X-Parse-Master-Key:
      - "<X-Parse-Master-Key>"
      X-Parse-Application-Id:
      - "<X-Parse-Application-Id>"
      X-Parserubyclient-Retries:
      - '3'
      Accept-Encoding:
      - gzip;q=1.0,deflate;q=0.6,identity;q=0.3
      Accept:
      - "*/*"
  response:
    status:
      code: 200
      message: OK
    headers:
      Server:
      - Cowboy
      Connection:
      - keep-alive
      X-Powered-By:
      - Express
      Access-Control-Allow-Origin:
      - "*"
      Access-Control-Allow-Methods:
      - GET,PUT,POST,DELETE,OPTIONS
      Access-Control-Allow-Headers:
      - X-Parse-Master-Key, X-Parse-REST-API-Key, X-Parse-Javascript-Key, X-Parse-Application-Id,
        X-Parse-Client-Version, X-Parse-Session-Token, X-Requested-With, X-Parse-Revocable-Session,
        Content-Type
      Content-Type:
      - application/json; charset=utf-8
      Content-Length:
      - '242'
      Etag:
      - W/"f2-AZsY+ELIoxxt2kf6ObZvAQ"
      Date:
      - Mon, 13 Feb 2017 10:20:38 GMT
      Via:
      - 1.1 vegur
    body:
      encoding: UTF-8
      string: '{"objectId":"YkXO62aN1B","deviceType":"ios","deviceToken":"0123456789abcdef0123456789abcdef0123456789abcdef0123456789abcdef","createdAt":"2017-02-13T10:20:38.355Z","updatedAt":"2017-02-13T10:20:38.555Z","channels":["","my-channel"],"badge":5}'
    http_version: 
  recorded_at: Mon, 13 Feb 2017 10:20:38 GMT
recorded_with: VCR 3.0.3
