---
http_interactions:
- request:
    method: get
    uri: https://parse-ruby-client-server.herokuapp.com/parse/classes/Cactus?where=%7B%7D
    body:
      encoding: US-ASCII
      string: ''
    headers:
      User-Agent:
      - Parse for Ruby, 1.0.0.alpha2
      Content-Type:
      - application/json
      X-Parse-Master-Key:
      - "<X-Parse-Master-Key>"
      X-Parse-Application-Id:
      - "<X-Parse-Application-Id>"
      X-Parserubyclient-Retries:
      - '3'
      Accept-Encoding:
      - gzip;q=1.0,deflate;q=0.6,identity;q=0.3
      Accept:
      - "*/*"
  response:
    status:
      code: 200
      message: OK
    headers:
      Server:
      - Cowboy
      Connection:
      - keep-alive
      X-Powered-By:
      - Express
      Access-Control-Allow-Origin:
      - "*"
      Access-Control-Allow-Methods:
      - GET,PUT,POST,DELETE,OPTIONS
      Access-Control-Allow-Headers:
      - X-Parse-Master-Key, X-Parse-REST-API-Key, X-Parse-Javascript-Key, X-Parse-Application-Id,
        X-Parse-Client-Version, X-Parse-Session-Token, X-Requested-With, X-Parse-Revocable-Session,
        Content-Type
      Content-Type:
      - application/json; charset=utf-8
      Content-Length:
      - '259'
      Etag:
      - W/"103-bwbi12Eay5YA/V9o8kc6tw"
      Date:
      - Mon, 13 Feb 2017 00:06:20 GMT
      Via:
      - 1.1 vegur
    body:
      encoding: UTF-8
      string: '{"results":[{"objectId":"eDGm1PtMfY","array":[1,2,5,6,7],"createdAt":"2017-02-12T22:47:12.167Z","updatedAt":"2017-02-12T22:47:12.167Z"},{"objectId":"BFav2HgFkN","array":[3,4,5,6],"createdAt":"2017-02-12T22:47:12.384Z","updatedAt":"2017-02-12T22:47:12.384Z"}]}'
    http_version: 
  recorded_at: Mon, 13 Feb 2017 00:06:20 GMT
- request:
    method: delete
    uri: https://parse-ruby-client-server.herokuapp.com/parse/classes/Cactus/eDGm1PtMfY
    body:
      encoding: US-ASCII
      string: ''
    headers:
      User-Agent:
      - Parse for Ruby, 1.0.0.alpha2
      Content-Type:
      - application/json
      X-Parse-Master-Key:
      - "<X-Parse-Master-Key>"
      X-Parse-Application-Id:
      - "<X-Parse-Application-Id>"
      X-Parserubyclient-Retries:
      - '3'
      Accept-Encoding:
      - gzip;q=1.0,deflate;q=0.6,identity;q=0.3
      Accept:
      - "*/*"
  response:
    status:
      code: 200
      message: OK
    headers:
      Server:
      - Cowboy
      Connection:
      - keep-alive
      X-Powered-By:
      - Express
      Access-Control-Allow-Origin:
      - "*"
      Access-Control-Allow-Methods:
      - GET,PUT,POST,DELETE,OPTIONS
      Access-Control-Allow-Headers:
      - X-Parse-Master-Key, X-Parse-REST-API-Key, X-Parse-Javascript-Key, X-Parse-Application-Id,
        X-Parse-Client-Version, X-Parse-Session-Token, X-Requested-With, X-Parse-Revocable-Session,
        Content-Type
      Content-Type:
      - application/json; charset=utf-8
      Content-Length:
      - '2'
      Date:
      - Mon, 13 Feb 2017 00:06:20 GMT
      Via:
      - 1.1 vegur
    body:
      encoding: UTF-8
      string: "{}"
    http_version: 
  recorded_at: Mon, 13 Feb 2017 00:06:20 GMT
- request:
    method: delete
    uri: https://parse-ruby-client-server.herokuapp.com/parse/classes/Cactus/BFav2HgFkN
    body:
      encoding: US-ASCII
      string: ''
    headers:
      User-Agent:
      - Parse for Ruby, 1.0.0.alpha2
      Content-Type:
      - application/json
      X-Parse-Master-Key:
      - "<X-Parse-Master-Key>"
      X-Parse-Application-Id:
      - "<X-Parse-Application-Id>"
      X-Parserubyclient-Retries:
      - '3'
      Accept-Encoding:
      - gzip;q=1.0,deflate;q=0.6,identity;q=0.3
      Accept:
      - "*/*"
  response:
    status:
      code: 200
      message: OK
    headers:
      Server:
      - Cowboy
      Connection:
      - keep-alive
      X-Powered-By:
      - Express
      Access-Control-Allow-Origin:
      - "*"
      Access-Control-Allow-Methods:
      - GET,PUT,POST,DELETE,OPTIONS
      Access-Control-Allow-Headers:
      - X-Parse-Master-Key, X-Parse-REST-API-Key, X-Parse-Javascript-Key, X-Parse-Application-Id,
        X-Parse-Client-Version, X-Parse-Session-Token, X-Requested-With, X-Parse-Revocable-Session,
        Content-Type
      Content-Type:
      - application/json; charset=utf-8
      Content-Length:
      - '2'
      Date:
      - Mon, 13 Feb 2017 00:06:20 GMT
      Via:
      - 1.1 vegur
    body:
      encoding: UTF-8
      string: "{}"
    http_version: 
  recorded_at: Mon, 13 Feb 2017 00:06:20 GMT
- request:
    method: post
    uri: https://parse-ruby-client-server.herokuapp.com/parse/classes/Cactus
    body:
      encoding: UTF-8
      string: '{"array":[1,2,5,6,7]}'
    headers:
      User-Agent:
      - Parse for Ruby, 1.0.0.alpha2
      Content-Type:
      - application/json
      X-Parse-Master-Key:
      - "<X-Parse-Master-Key>"
      X-Parse-Application-Id:
      - "<X-Parse-Application-Id>"
      X-Parserubyclient-Retries:
      - '3'
      Accept-Encoding:
      - gzip;q=1.0,deflate;q=0.6,identity;q=0.3
      Accept:
      - "*/*"
  response:
    status:
      code: 201
      message: Created
    headers:
      Server:
      - Cowboy
      Connection:
      - keep-alive
      X-Powered-By:
      - Express
      Access-Control-Allow-Origin:
      - "*"
      Access-Control-Allow-Methods:
      - GET,PUT,POST,DELETE,OPTIONS
      Access-Control-Allow-Headers:
      - X-Parse-Master-Key, X-Parse-REST-API-Key, X-Parse-Javascript-Key, X-Parse-Application-Id,
        X-Parse-Client-Version, X-Parse-Session-Token, X-Requested-With, X-Parse-Revocable-Session,
        Content-Type
      Location:
      - https://parse-ruby-client-server.herokuapp.com/parse/classes/Cactus/oKchUtWaf7
      Content-Type:
      - application/json; charset=utf-8
      Content-Length:
      - '64'
      Date:
      - Mon, 13 Feb 2017 00:06:20 GMT
      Via:
      - 1.1 vegur
    body:
      encoding: UTF-8
      string: '{"objectId":"oKchUtWaf7","createdAt":"2017-02-13T00:06:20.612Z"}'
    http_version: 
  recorded_at: Mon, 13 Feb 2017 00:06:20 GMT
- request:
    method: post
    uri: https://parse-ruby-client-server.herokuapp.com/parse/classes/Cactus
    body:
      encoding: UTF-8
      string: '{"array":[3,4,5,6]}'
    headers:
      User-Agent:
      - Parse for Ruby, 1.0.0.alpha2
      Content-Type:
      - application/json
      X-Parse-Master-Key:
      - "<X-Parse-Master-Key>"
      X-Parse-Application-Id:
      - "<X-Parse-Application-Id>"
      X-Parserubyclient-Retries:
      - '3'
      Accept-Encoding:
      - gzip;q=1.0,deflate;q=0.6,identity;q=0.3
      Accept:
      - "*/*"
  response:
    status:
      code: 201
      message: Created
    headers:
      Server:
      - Cowboy
      Connection:
      - keep-alive
      X-Powered-By:
      - Express
      Access-Control-Allow-Origin:
      - "*"
      Access-Control-Allow-Methods:
      - GET,PUT,POST,DELETE,OPTIONS
      Access-Control-Allow-Headers:
      - X-Parse-Master-Key, X-Parse-REST-API-Key, X-Parse-Javascript-Key, X-Parse-Application-Id,
        X-Parse-Client-Version, X-Parse-Session-Token, X-Requested-With, X-Parse-Revocable-Session,
        Content-Type
      Location:
      - https://parse-ruby-client-server.herokuapp.com/parse/classes/Cactus/1nGcMzndw4
      Content-Type:
      - application/json; charset=utf-8
      Content-Length:
      - '64'
      Date:
      - Mon, 13 Feb 2017 00:06:20 GMT
      Via:
      - 1.1 vegur
    body:
      encoding: UTF-8
      string: '{"objectId":"1nGcMzndw4","createdAt":"2017-02-13T00:06:20.810Z"}'
    http_version: 
  recorded_at: Mon, 13 Feb 2017 00:06:20 GMT
- request:
    method: get
    uri: https://parse-ruby-client-server.herokuapp.com/parse/classes/Cactus?where=%7B%22array%22:%7B%22$all%22:%5B5,6%5D%7D%7D
    body:
      encoding: US-ASCII
      string: ''
    headers:
      User-Agent:
      - Parse for Ruby, 1.0.0.alpha2
      Content-Type:
      - application/json
      X-Parse-Master-Key:
      - "<X-Parse-Master-Key>"
      X-Parse-Application-Id:
      - "<X-Parse-Application-Id>"
      X-Parserubyclient-Retries:
      - '3'
      Accept-Encoding:
      - gzip;q=1.0,deflate;q=0.6,identity;q=0.3
      Accept:
      - "*/*"
  response:
    status:
      code: 200
      message: OK
    headers:
      Server:
      - Cowboy
      Connection:
      - keep-alive
      X-Powered-By:
      - Express
      Access-Control-Allow-Origin:
      - "*"
      Access-Control-Allow-Methods:
      - GET,PUT,POST,DELETE,OPTIONS
      Access-Control-Allow-Headers:
      - X-Parse-Master-Key, X-Parse-REST-API-Key, X-Parse-Javascript-Key, X-Parse-Application-Id,
        X-Parse-Client-Version, X-Parse-Session-Token, X-Requested-With, X-Parse-Revocable-Session,
        Content-Type
      Content-Type:
      - application/json; charset=utf-8
      Content-Length:
      - '259'
      Etag:
      - W/"103-tdZbEHsV4ttpXAc9N3aFcQ"
      Date:
      - Mon, 13 Feb 2017 00:06:21 GMT
      Via:
      - 1.1 vegur
    body:
      encoding: UTF-8
      string: '{"results":[{"objectId":"oKchUtWaf7","array":[1,2,5,6,7],"createdAt":"2017-02-13T00:06:20.612Z","updatedAt":"2017-02-13T00:06:20.612Z"},{"objectId":"1nGcMzndw4","array":[3,4,5,6],"createdAt":"2017-02-13T00:06:20.810Z","updatedAt":"2017-02-13T00:06:20.810Z"}]}'
    http_version: 
  recorded_at: Mon, 13 Feb 2017 00:06:21 GMT
- request:
    method: get
    uri: https://parse-ruby-client-server.herokuapp.com/parse/classes/Cactus?where=%7B%22array%22:%7B%22$all%22:%5B1,5,6%5D%7D%7D
    body:
      encoding: US-ASCII
      string: ''
    headers:
      User-Agent:
      - Parse for Ruby, 1.0.0.alpha2
      Content-Type:
      - application/json
      X-Parse-Master-Key:
      - "<X-Parse-Master-Key>"
      X-Parse-Application-Id:
      - "<X-Parse-Application-Id>"
      X-Parserubyclient-Retries:
      - '3'
      Accept-Encoding:
      - gzip;q=1.0,deflate;q=0.6,identity;q=0.3
      Accept:
      - "*/*"
  response:
    status:
      code: 200
      message: OK
    headers:
      Server:
      - Cowboy
      Connection:
      - keep-alive
      X-Powered-By:
      - Express
      Access-Control-Allow-Origin:
      - "*"
      Access-Control-Allow-Methods:
      - GET,PUT,POST,DELETE,OPTIONS
      Access-Control-Allow-Headers:
      - X-Parse-Master-Key, X-Parse-REST-API-Key, X-Parse-Javascript-Key, X-Parse-Application-Id,
        X-Parse-Client-Version, X-Parse-Session-Token, X-Requested-With, X-Parse-Revocable-Session,
        Content-Type
      Content-Type:
      - application/json; charset=utf-8
      Content-Length:
      - '137'
      Etag:
      - W/"89-mDjO1jrZbq74KQI+rVNcpg"
      Date:
      - Mon, 13 Feb 2017 00:06:21 GMT
      Via:
      - 1.1 vegur
    body:
      encoding: UTF-8
      string: '{"results":[{"objectId":"oKchUtWaf7","array":[1,2,5,6,7],"createdAt":"2017-02-13T00:06:20.612Z","updatedAt":"2017-02-13T00:06:20.612Z"}]}'
    http_version: 
  recorded_at: Mon, 13 Feb 2017 00:06:21 GMT
- request:
    method: get
    uri: https://parse-ruby-client-server.herokuapp.com/parse/classes/Cactus?where=%7B%22array%22:%7B%22$all%22:%5B1,5,6%5D%7D%7D
    body:
      encoding: US-ASCII
      string: ''
    headers:
      User-Agent:
      - Parse for Ruby, 1.0.0.alpha2
      Content-Type:
      - application/json
      X-Parse-Master-Key:
      - "<X-Parse-Master-Key>"
      X-Parse-Application-Id:
      - "<X-Parse-Application-Id>"
      X-Parserubyclient-Retries:
      - '3'
      Accept-Encoding:
      - gzip;q=1.0,deflate;q=0.6,identity;q=0.3
      Accept:
      - "*/*"
  response:
    status:
      code: 200
      message: OK
    headers:
      Server:
      - Cowboy
      Connection:
      - keep-alive
      X-Powered-By:
      - Express
      Access-Control-Allow-Origin:
      - "*"
      Access-Control-Allow-Methods:
      - GET,PUT,POST,DELETE,OPTIONS
      Access-Control-Allow-Headers:
      - X-Parse-Master-Key, X-Parse-REST-API-Key, X-Parse-Javascript-Key, X-Parse-Application-Id,
        X-Parse-Client-Version, X-Parse-Session-Token, X-Requested-With, X-Parse-Revocable-Session,
        Content-Type
      Content-Type:
      - application/json; charset=utf-8
      Content-Length:
      - '137'
      Etag:
      - W/"89-mDjO1jrZbq74KQI+rVNcpg"
      Date:
      - Mon, 13 Feb 2017 00:06:21 GMT
      Via:
      - 1.1 vegur
    body:
      encoding: UTF-8
      string: '{"results":[{"objectId":"oKchUtWaf7","array":[1,2,5,6,7],"createdAt":"2017-02-13T00:06:20.612Z","updatedAt":"2017-02-13T00:06:20.612Z"}]}'
    http_version: 
  recorded_at: Mon, 13 Feb 2017 00:06:21 GMT
- request:
    method: get
    uri: https://parse-ruby-client-server.herokuapp.com/parse/classes/Cactus?where=%7B%22array%22:%7B%22$all%22:%5B4,5,6%5D%7D%7D
    body:
      encoding: US-ASCII
      string: ''
    headers:
      User-Agent:
      - Parse for Ruby, 1.0.0.alpha2
      Content-Type:
      - application/json
      X-Parse-Master-Key:
      - "<X-Parse-Master-Key>"
      X-Parse-Application-Id:
      - "<X-Parse-Application-Id>"
      X-Parserubyclient-Retries:
      - '3'
      Accept-Encoding:
      - gzip;q=1.0,deflate;q=0.6,identity;q=0.3
      Accept:
      - "*/*"
  response:
    status:
      code: 200
      message: OK
    headers:
      Server:
      - Cowboy
      Connection:
      - keep-alive
      X-Powered-By:
      - Express
      Access-Control-Allow-Origin:
      - "*"
      Access-Control-Allow-Methods:
      - GET,PUT,POST,DELETE,OPTIONS
      Access-Control-Allow-Headers:
      - X-Parse-Master-Key, X-Parse-REST-API-Key, X-Parse-Javascript-Key, X-Parse-Application-Id,
        X-Parse-Client-Version, X-Parse-Session-Token, X-Requested-With, X-Parse-Revocable-Session,
        Content-Type
      Content-Type:
      - application/json; charset=utf-8
      Content-Length:
      - '135'
      Etag:
      - W/"87-WQi0KzxntD4G0vmigkiMSA"
      Date:
      - Mon, 13 Feb 2017 00:06:21 GMT
      Via:
      - 1.1 vegur
    body:
      encoding: UTF-8
      string: '{"results":[{"objectId":"1nGcMzndw4","array":[3,4,5,6],"createdAt":"2017-02-13T00:06:20.810Z","updatedAt":"2017-02-13T00:06:20.810Z"}]}'
    http_version: 
  recorded_at: Mon, 13 Feb 2017 00:06:21 GMT
- request:
    method: get
    uri: https://parse-ruby-client-server.herokuapp.com/parse/classes/Cactus?where=%7B%22array%22:%7B%22$all%22:%5B4,5,6%5D%7D%7D
    body:
      encoding: US-ASCII
      string: ''
    headers:
      User-Agent:
      - Parse for Ruby, 1.0.0.alpha2
      Content-Type:
      - application/json
      X-Parse-Master-Key:
      - "<X-Parse-Master-Key>"
      X-Parse-Application-Id:
      - "<X-Parse-Application-Id>"
      X-Parserubyclient-Retries:
      - '3'
      Accept-Encoding:
      - gzip;q=1.0,deflate;q=0.6,identity;q=0.3
      Accept:
      - "*/*"
  response:
    status:
      code: 200
      message: OK
    headers:
      Server:
      - Cowboy
      Connection:
      - keep-alive
      X-Powered-By:
      - Express
      Access-Control-Allow-Origin:
      - "*"
      Access-Control-Allow-Methods:
      - GET,PUT,POST,DELETE,OPTIONS
      Access-Control-Allow-Headers:
      - X-Parse-Master-Key, X-Parse-REST-API-Key, X-Parse-Javascript-Key, X-Parse-Application-Id,
        X-Parse-Client-Version, X-Parse-Session-Token, X-Requested-With, X-Parse-Revocable-Session,
        Content-Type
      Content-Type:
      - application/json; charset=utf-8
      Content-Length:
      - '135'
      Etag:
      - W/"87-WQi0KzxntD4G0vmigkiMSA"
      Date:
      - Mon, 13 Feb 2017 00:06:21 GMT
      Via:
      - 1.1 vegur
    body:
      encoding: UTF-8
      string: '{"results":[{"objectId":"1nGcMzndw4","array":[3,4,5,6],"createdAt":"2017-02-13T00:06:20.810Z","updatedAt":"2017-02-13T00:06:20.810Z"}]}'
    http_version: 
  recorded_at: Mon, 13 Feb 2017 00:06:21 GMT
- request:
    method: get
    uri: https://parse-ruby-client-server.herokuapp.com/parse/classes/Cactus?where=%7B%22array%22:%7B%22$all%22:%5B9%5D%7D%7D
    body:
      encoding: US-ASCII
      string: ''
    headers:
      User-Agent:
      - Parse for Ruby, 1.0.0.alpha2
      Content-Type:
      - application/json
      X-Parse-Master-Key:
      - "<X-Parse-Master-Key>"
      X-Parse-Application-Id:
      - "<X-Parse-Application-Id>"
      X-Parserubyclient-Retries:
      - '3'
      Accept-Encoding:
      - gzip;q=1.0,deflate;q=0.6,identity;q=0.3
      Accept:
      - "*/*"
  response:
    status:
      code: 200
      message: OK
    headers:
      Server:
      - Cowboy
      Connection:
      - keep-alive
      X-Powered-By:
      - Express
      Access-Control-Allow-Origin:
      - "*"
      Access-Control-Allow-Methods:
      - GET,PUT,POST,DELETE,OPTIONS
      Access-Control-Allow-Headers:
      - X-Parse-Master-Key, X-Parse-REST-API-Key, X-Parse-Javascript-Key, X-Parse-Application-Id,
        X-Parse-Client-Version, X-Parse-Session-Token, X-Requested-With, X-Parse-Revocable-Session,
        Content-Type
      Content-Type:
      - application/json; charset=utf-8
      Content-Length:
      - '14'
      Etag:
      - W/"e-4kEsH/v7a1OoKp2vZlssGg"
      Date:
      - Mon, 13 Feb 2017 00:06:21 GMT
      Via:
      - 1.1 vegur
    body:
      encoding: UTF-8
      string: '{"results":[]}'
    http_version: 
  recorded_at: Mon, 13 Feb 2017 00:06:21 GMT
recorded_with: VCR 3.0.3
