---
http_interactions:
- request:
    method: get
    uri: https://parse-ruby-client-server.herokuapp.com/parse/classes/Post/2BwNSsKcCk
    body:
      encoding: US-ASCII
      string: ''
    headers:
      User-Agent:
      - Parse for Ruby, 1.0.0.alpha2
      Content-Type:
      - application/json
      X-Parse-Master-Key:
      - "<X-Parse-Master-Key>"
      X-Parse-Application-Id:
      - "<X-Parse-Application-Id>"
      X-Parserubyclient-Retries:
      - '3'
      Accept-Encoding:
      - gzip;q=1.0,deflate;q=0.6,identity;q=0.3
      Accept:
      - "*/*"
  response:
    status:
      code: 200
      message: OK
    headers:
      Server:
      - Cowboy
      Connection:
      - keep-alive
      X-Powered-By:
      - Express
      Access-Control-Allow-Origin:
      - "*"
      Access-Control-Allow-Methods:
      - GET,PUT,POST,DELETE,OPTIONS
      Access-Control-Allow-Headers:
      - X-Parse-Master-Key, X-Parse-REST-API-Key, X-Parse-Javascript-Key, X-Parse-Application-Id,
        X-Parse-Client-Version, X-Parse-Session-Token, X-Requested-With, X-Parse-Revocable-Session,
        Content-Type
      Content-Type:
      - application/json; charset=utf-8
      Content-Length:
      - '152'
      Etag:
      - W/"98-diwBQvNFh5VQdfpK33zlbQ"
      Date:
      - Mon, 13 Feb 2017 15:42:10 GMT
      Via:
      - 1.1 vegur
    body:
      encoding: UTF-8
      string: '{"objectId":"2BwNSsKcCk","createdAt":"2017-02-13T15:40:11.348Z","updatedAt":"2017-02-13T15:40:11.348Z","cs":{"__type":"Relation","className":"Comment"}}'
    http_version: 
  recorded_at: Mon, 13 Feb 2017 15:42:10 GMT
- request:
    method: delete
    uri: https://parse-ruby-client-server.herokuapp.com/parse/classes/Post/2BwNSsKcCk
    body:
      encoding: US-ASCII
      string: ''
    headers:
      User-Agent:
      - Parse for Ruby, 1.0.0.alpha2
      Content-Type:
      - application/json
      X-Parse-Master-Key:
      - "<X-Parse-Master-Key>"
      X-Parse-Application-Id:
      - "<X-Parse-Application-Id>"
      X-Parserubyclient-Retries:
      - '3'
      Accept-Encoding:
      - gzip;q=1.0,deflate;q=0.6,identity;q=0.3
      Accept:
      - "*/*"
  response:
    status:
      code: 200
      message: OK
    headers:
      Server:
      - Cowboy
      Connection:
      - keep-alive
      X-Powered-By:
      - Express
      Access-Control-Allow-Origin:
      - "*"
      Access-Control-Allow-Methods:
      - GET,PUT,POST,DELETE,OPTIONS
      Access-Control-Allow-Headers:
      - X-Parse-Master-Key, X-Parse-REST-API-Key, X-Parse-Javascript-Key, X-Parse-Application-Id,
        X-Parse-Client-Version, X-Parse-Session-Token, X-Requested-With, X-Parse-Revocable-Session,
        Content-Type
      Content-Type:
      - application/json; charset=utf-8
      Content-Length:
      - '2'
      Date:
      - Mon, 13 Feb 2017 15:42:10 GMT
      Via:
      - 1.1 vegur
    body:
      encoding: UTF-8
      string: "{}"
    http_version: 
  recorded_at: Mon, 13 Feb 2017 15:42:10 GMT
- request:
    method: get
    uri: https://parse-ruby-client-server.herokuapp.com/parse/classes/Post/2BwNSsKcCk
    body:
      encoding: US-ASCII
      string: ''
    headers:
      User-Agent:
      - Parse for Ruby, 1.0.0.alpha2
      Content-Type:
      - application/json
      X-Parse-Master-Key:
      - "<X-Parse-Master-Key>"
      X-Parse-Application-Id:
      - "<X-Parse-Application-Id>"
      X-Parserubyclient-Retries:
      - '3'
      Accept-Encoding:
      - gzip;q=1.0,deflate;q=0.6,identity;q=0.3
      Accept:
      - "*/*"
  response:
    status:
      code: 404
      message: Not Found
    headers:
      Server:
      - Cowboy
      Connection:
      - keep-alive
      X-Powered-By:
      - Express
      Access-Control-Allow-Origin:
      - "*"
      Access-Control-Allow-Methods:
      - GET,PUT,POST,DELETE,OPTIONS
      Access-Control-Allow-Headers:
      - X-Parse-Master-Key, X-Parse-REST-API-Key, X-Parse-Javascript-Key, X-Parse-Application-Id,
        X-Parse-Client-Version, X-Parse-Session-Token, X-Requested-With, X-Parse-Revocable-Session,
        Content-Type
      Content-Type:
      - application/json; charset=utf-8
      Content-Length:
      - '40'
      Etag:
      - W/"28-DXxTk7jrlfahrSFMgJqc2g"
      Date:
      - Mon, 13 Feb 2017 15:42:10 GMT
      Via:
      - 1.1 vegur
    body:
      encoding: UTF-8
      string: '{"code":101,"error":"Object not found."}'
    http_version: 
  recorded_at: Mon, 13 Feb 2017 15:42:10 GMT
- request:
    method: get
    uri: https://parse-ruby-client-server.herokuapp.com/parse/classes/Post/2BwNSsKcCk
    body:
      encoding: US-ASCII
      string: ''
    headers:
      User-Agent:
      - Parse for Ruby, 1.0.0.alpha2
      Content-Type:
      - application/json
      X-Parse-Master-Key:
      - "<X-Parse-Master-Key>"
      X-Parse-Application-Id:
      - "<X-Parse-Application-Id>"
      X-Parserubyclient-Retries:
      - '2'
      Accept-Encoding:
      - gzip;q=1.0,deflate;q=0.6,identity;q=0.3
      Accept:
      - "*/*"
  response:
    status:
      code: 404
      message: Not Found
    headers:
      Server:
      - Cowboy
      Connection:
      - keep-alive
      X-Powered-By:
      - Express
      Access-Control-Allow-Origin:
      - "*"
      Access-Control-Allow-Methods:
      - GET,PUT,POST,DELETE,OPTIONS
      Access-Control-Allow-Headers:
      - X-Parse-Master-Key, X-Parse-REST-API-Key, X-Parse-Javascript-Key, X-Parse-Application-Id,
        X-Parse-Client-Version, X-Parse-Session-Token, X-Requested-With, X-Parse-Revocable-Session,
        Content-Type
      Content-Type:
      - application/json; charset=utf-8
      Content-Length:
      - '40'
      Etag:
      - W/"28-DXxTk7jrlfahrSFMgJqc2g"
      Date:
      - Mon, 13 Feb 2017 15:42:11 GMT
      Via:
      - 1.1 vegur
    body:
      encoding: UTF-8
      string: '{"code":101,"error":"Object not found."}'
    http_version: 
  recorded_at: Mon, 13 Feb 2017 15:42:11 GMT
- request:
    method: get
    uri: https://parse-ruby-client-server.herokuapp.com/parse/classes/Post/2BwNSsKcCk
    body:
      encoding: US-ASCII
      string: ''
    headers:
      User-Agent:
      - Parse for Ruby, 1.0.0.alpha2
      Content-Type:
      - application/json
      X-Parse-Master-Key:
      - "<X-Parse-Master-Key>"
      X-Parse-Application-Id:
      - "<X-Parse-Application-Id>"
      X-Parserubyclient-Retries:
      - '1'
      Accept-Encoding:
      - gzip;q=1.0,deflate;q=0.6,identity;q=0.3
      Accept:
      - "*/*"
  response:
    status:
      code: 404
      message: Not Found
    headers:
      Server:
      - Cowboy
      Connection:
      - keep-alive
      X-Powered-By:
      - Express
      Access-Control-Allow-Origin:
      - "*"
      Access-Control-Allow-Methods:
      - GET,PUT,POST,DELETE,OPTIONS
      Access-Control-Allow-Headers:
      - X-Parse-Master-Key, X-Parse-REST-API-Key, X-Parse-Javascript-Key, X-Parse-Application-Id,
        X-Parse-Client-Version, X-Parse-Session-Token, X-Requested-With, X-Parse-Revocable-Session,
        Content-Type
      Content-Type:
      - application/json; charset=utf-8
      Content-Length:
      - '40'
      Etag:
      - W/"28-DXxTk7jrlfahrSFMgJqc2g"
      Date:
      - Mon, 13 Feb 2017 15:42:12 GMT
      Via:
      - 1.1 vegur
    body:
      encoding: UTF-8
      string: '{"code":101,"error":"Object not found."}'
    http_version: 
  recorded_at: Mon, 13 Feb 2017 15:42:12 GMT
- request:
    method: get
    uri: https://parse-ruby-client-server.herokuapp.com/parse/classes/Post/2BwNSsKcCk
    body:
      encoding: US-ASCII
      string: ''
    headers:
      User-Agent:
      - Parse for Ruby, 1.0.0.alpha2
      Content-Type:
      - application/json
      X-Parse-Master-Key:
      - "<X-Parse-Master-Key>"
      X-Parse-Application-Id:
      - "<X-Parse-Application-Id>"
      X-Parserubyclient-Retries:
      - '0'
      Accept-Encoding:
      - gzip;q=1.0,deflate;q=0.6,identity;q=0.3
      Accept:
      - "*/*"
  response:
    status:
      code: 404
      message: Not Found
    headers:
      Server:
      - Cowboy
      Connection:
      - keep-alive
      X-Powered-By:
      - Express
      Access-Control-Allow-Origin:
      - "*"
      Access-Control-Allow-Methods:
      - GET,PUT,POST,DELETE,OPTIONS
      Access-Control-Allow-Headers:
      - X-Parse-Master-Key, X-Parse-REST-API-Key, X-Parse-Javascript-Key, X-Parse-Application-Id,
        X-Parse-Client-Version, X-Parse-Session-Token, X-Requested-With, X-Parse-Revocable-Session,
        Content-Type
      Content-Type:
      - application/json; charset=utf-8
      Content-Length:
      - '40'
      Etag:
      - W/"28-DXxTk7jrlfahrSFMgJqc2g"
      Date:
      - Mon, 13 Feb 2017 15:42:14 GMT
      Via:
      - 1.1 vegur
    body:
      encoding: UTF-8
      string: '{"code":101,"error":"Object not found."}'
    http_version: 
  recorded_at: Mon, 13 Feb 2017 15:42:14 GMT
recorded_with: VCR 3.0.3
