---
http_interactions:
- request:
    method: post
    uri: https://parse-ruby-client-server.herokuapp.com/parse/classes/Foo
    body:
      encoding: UTF-8
      string: "{}"
    headers:
      User-Agent:
      - Parse for Ruby, 1.0.0.alpha2
      Content-Type:
      - application/json
      X-Parse-Master-Key:
      - "<X-Parse-Master-Key>"
      X-Parse-Application-Id:
      - "<X-Parse-Application-Id>"
      X-Parserubyclient-Retries:
      - '3'
      Accept-Encoding:
      - gzip;q=1.0,deflate;q=0.6,identity;q=0.3
      Accept:
      - "*/*"
  response:
    status:
      code: 201
      message: Created
    headers:
      Server:
      - Cowboy
      Connection:
      - keep-alive
      X-Powered-By:
      - Express
      Access-Control-Allow-Origin:
      - "*"
      Access-Control-Allow-Methods:
      - GET,PUT,POST,DELETE,OPTIONS
      Access-Control-Allow-Headers:
      - X-Parse-Master-Key, X-Parse-REST-API-Key, X-Parse-Javascript-Key, X-Parse-Application-Id,
        X-Parse-Client-Version, X-Parse-Session-Token, X-Requested-With, X-Parse-Revocable-Session,
        Content-Type
      Location:
      - https://parse-ruby-client-server.herokuapp.com/parse/classes/Foo/reZEcGkJF9
      Content-Type:
      - application/json; charset=utf-8
      Content-Length:
      - '64'
      Date:
      - Mon, 13 Feb 2017 00:06:45 GMT
      Via:
      - 1.1 vegur
    body:
      encoding: UTF-8
      string: '{"objectId":"reZEcGkJF9","createdAt":"2017-02-13T00:06:45.698Z"}'
    http_version: 
  recorded_at: Mon, 13 Feb 2017 00:06:45 GMT
- request:
    method: post
    uri: https://parse-ruby-client-server.herokuapp.com/parse/classes/Foo
    body:
      encoding: UTF-8
      string: "{}"
    headers:
      User-Agent:
      - Parse for Ruby, 1.0.0.alpha2
      Content-Type:
      - application/json
      X-Parse-Master-Key:
      - "<X-Parse-Master-Key>"
      X-Parse-Application-Id:
      - "<X-Parse-Application-Id>"
      X-Parserubyclient-Retries:
      - '3'
      Accept-Encoding:
      - gzip;q=1.0,deflate;q=0.6,identity;q=0.3
      Accept:
      - "*/*"
  response:
    status:
      code: 201
      message: Created
    headers:
      Server:
      - Cowboy
      Connection:
      - keep-alive
      X-Powered-By:
      - Express
      Access-Control-Allow-Origin:
      - "*"
      Access-Control-Allow-Methods:
      - GET,PUT,POST,DELETE,OPTIONS
      Access-Control-Allow-Headers:
      - X-Parse-Master-Key, X-Parse-REST-API-Key, X-Parse-Javascript-Key, X-Parse-Application-Id,
        X-Parse-Client-Version, X-Parse-Session-Token, X-Requested-With, X-Parse-Revocable-Session,
        Content-Type
      Location:
      - https://parse-ruby-client-server.herokuapp.com/parse/classes/Foo/fTjAOW1KuB
      Content-Type:
      - application/json; charset=utf-8
      Content-Length:
      - '64'
      Date:
      - Mon, 13 Feb 2017 00:06:45 GMT
      Via:
      - 1.1 vegur
    body:
      encoding: UTF-8
      string: '{"objectId":"fTjAOW1KuB","createdAt":"2017-02-13T00:06:45.884Z"}'
    http_version: 
  recorded_at: Mon, 13 Feb 2017 00:06:45 GMT
- request:
    method: get
    uri: https://parse-ruby-client-server.herokuapp.com/parse/classes/Foo/reZEcGkJF9
    body:
      encoding: US-ASCII
      string: ''
    headers:
      User-Agent:
      - Parse for Ruby, 1.0.0.alpha2
      Content-Type:
      - application/json
      X-Parse-Master-Key:
      - "<X-Parse-Master-Key>"
      X-Parse-Application-Id:
      - "<X-Parse-Application-Id>"
      X-Parserubyclient-Retries:
      - '3'
      Accept-Encoding:
      - gzip;q=1.0,deflate;q=0.6,identity;q=0.3
      Accept:
      - "*/*"
  response:
    status:
      code: 200
      message: OK
    headers:
      Server:
      - Cowboy
      Connection:
      - keep-alive
      X-Powered-By:
      - Express
      Access-Control-Allow-Origin:
      - "*"
      Access-Control-Allow-Methods:
      - GET,PUT,POST,DELETE,OPTIONS
      Access-Control-Allow-Headers:
      - X-Parse-Master-Key, X-Parse-REST-API-Key, X-Parse-Javascript-Key, X-Parse-Application-Id,
        X-Parse-Client-Version, X-Parse-Session-Token, X-Requested-With, X-Parse-Revocable-Session,
        Content-Type
      Content-Type:
      - application/json; charset=utf-8
      Content-Length:
      - '103'
      Etag:
      - W/"67-sARVYYo6pq0tCNUlnTMRXw"
      Date:
      - Mon, 13 Feb 2017 00:06:46 GMT
      Via:
      - 1.1 vegur
    body:
      encoding: UTF-8
      string: '{"objectId":"reZEcGkJF9","createdAt":"2017-02-13T00:06:45.698Z","updatedAt":"2017-02-13T00:06:45.698Z"}'
    http_version: 
  recorded_at: Mon, 13 Feb 2017 00:06:46 GMT
recorded_with: VCR 3.0.3
